{
  "Original": {
    "Brokers": {
      "1": {
        "BrokerID": 1,
        "Host": "localhost",
        "Port": 9092,
        "RaftAddr": "127.0.0.1:9094",
        "RawAddr": ""
      }
    },
    "Topics": {
      "orders": {
        "NumPartitions": 3,
        "ReplicationFactor": 2,
        "Partitions": {
          "0": {
            "Replicas": [
              1
            ],
            "Isr": [
              1
            ]
          },
          "1": {
            "Replicas": [
              1
            ],
            "Isr": [
              1
            ]
          },
          "2": {
            "Replicas": [
              1
            ],
            "Isr": [
              1
            ]
          }
        }
      }
    }
  },
  "Restored": {
    "Brokers": {
      "1": {
        "BrokerID": 1,
        "Host": "localhost",
        "Port": 9092,
        "RaftAddr": "127.0.0.1:9094",
        "RawAddr": ""
      }
    },
    "Topics": {
      "orders": {
        "NumPartitions": 3,
        "ReplicationFactor": 2,
        "Partitions": {
          "0": {
            "Replicas": [
              1
            ],
            "Isr": [
              1
            ]
          },
          "1": {
            "Replicas": [
              1
            ],
            "Isr": [
              1
            ]
          },
          "2": {
            "Replicas": [
              1
            ],
            "Isr": [
              1
            ]
          }
        }
      }
    }
  }
}
