{
  "RespErr": "",
  "State": {
    "Brokers": {
      "1": {
        "BrokerID": 1,
        "Host": "localhost",
        "Port": 9092,
        "RaftAddr": "127.0.0.1:9094",
        "RawAddr": ""
      },
      "2": {
        "BrokerID": 2,
        "Host": "localhost",
        "Port": 9093,
        "RaftAddr": "127.0.0.1:9095",
        "RawAddr": ""
      }
    },
    "Topics": {
      "orders": {
        "NumPartitions": 1,
        "ReplicationFactor": 2,
        "Partitions": {
          "0": {
            "Replicas": [
              1,
              2
            ],
            "Isr": [
              1
            ]
          }
        }
      }
    }
  }
}
