{
  "ErrorCode": "ErrNone",
  "HighWatermark": 5,
  "NextOffset": 5,
  "Records": [
    {
      "Offset": 0,
      "Value": "hello"
    },
    {
      "Offset": 1,
      "Value": "world"
    },
    {
      "Offset": 2,
      "Value": "foo"
    },
    {
      "Offset": 3,
      "Value": "bar"
    },
    {
      "Offset": 4,
      "Value": "baz"
    }
  ]
}
